humoto{1}.violations{1}.violations =
humoto{1}.violations{1}.lower_bound_diff =
humoto{1}.violations{1}.upper_bound_diff =
humoto{1}.violations{2}.violations =
humoto{1}.violations{2}.lower_bound_diff =
humoto{1}.violations{2}.upper_bound_diff =
humoto{1}.active_set_guess{1} =
humoto{1}.active_set_guess{2} =
humoto{1}.active_set_actual{1} =
humoto{1}.active_set_actual{2} =
humoto{1}.active_set_determined{1} =
humoto{1}.active_set_determined{2} =
humoto{1}.tasks{1}{1}.location.offset =
humoto{1}.tasks{1}{1}.location.length =
humoto{1}.tasks{1}{1}.id =
humoto{1}.tasks{1}{1}.active_set_guess =
humoto{1}.tasks{1}{1}.active_set_actual =
humoto{1}.tasks{1}{1}.number_of_variables =
humoto{1}.tasks{1}{1}.A =
humoto{1}.tasks{1}{1}.lb =
humoto{1}.tasks{1}{1}.ub =
humoto{1}.tasks{1}{2}.location.offset =
humoto{1}.tasks{1}{2}.location.length =
humoto{1}.tasks{1}{2}.id =
humoto{1}.tasks{1}{2}.active_set_guess =
humoto{1}.tasks{1}{2}.active_set_actual =
humoto{1}.tasks{1}{2}.number_of_variables =
humoto{1}.tasks{1}{2}.A =
humoto{1}.tasks{1}{2}.lb =
humoto{1}.tasks{1}{2}.ub =
humoto{1}.tasks{2}{1}.location.offset =
humoto{1}.tasks{2}{1}.location.length =
humoto{1}.tasks{2}{1}.id =
humoto{1}.tasks{2}{1}.gain =
humoto{1}.tasks{2}{1}.active_set_guess =
humoto{1}.tasks{2}{1}.active_set_actual =
humoto{1}.tasks{2}{1}.number_of_variables =
humoto{1}.tasks{2}{1}.A =
humoto{1}.tasks{2}{1}.b =
humoto{1}.tasks{2}{2}.location.offset =
humoto{1}.tasks{2}{2}.location.length =
humoto{1}.tasks{2}{2}.id =
humoto{1}.tasks{2}{2}.gain =
humoto{1}.tasks{2}{2}.active_set_guess =
humoto{1}.tasks{2}{2}.active_set_actual =
humoto{1}.tasks{2}{2}.number_of_variables =
humoto{1}.tasks{2}{2}.A =
humoto{1}.tasks{2}{2}.b =
humoto{1}.tasks{2}{3}.location.offset =
humoto{1}.tasks{2}{3}.location.length =
humoto{1}.tasks{2}{3}.id =
humoto{1}.tasks{2}{3}.gain =
humoto{1}.tasks{2}{3}.active_set_guess =
humoto{1}.tasks{2}{3}.active_set_actual =
humoto{1}.tasks{2}{3}.number_of_variables =
humoto{1}.tasks{2}{3}.A =
humoto{1}.tasks{2}{3}.Agains =
humoto{1}.qpoases.qp_problem.objective.H =
humoto{1}.qpoases.qp_problem.objective.g =
humoto{1}.qpoases.qp_problem.objective.hessian_type =
humoto{1}.qpoases.qp_problem.objective.status =
humoto{1}.qpoases.qp_problem.constraints.bounds.number_of_variables =
humoto{1}.qpoases.qp_problem.constraints.bounds.A =
humoto{1}.qpoases.qp_problem.constraints.bounds.lb =
humoto{1}.qpoases.qp_problem.constraints.bounds.ub =
humoto{1}.qpoases.qp_problem.constraints.general_constraints.number_of_variables =
humoto{1}.qpoases.qp_problem.constraints.general_constraints.A =
humoto{1}.qpoases.qp_problem.constraints.general_constraints.lb =
humoto{1}.qpoases.qp_problem.constraints.general_constraints.ub =
humoto{1}.qpoases.qp_problem.constraints.lb =
humoto{1}.qpoases.qp_problem.constraints.ub =
humoto{1}.solution.x =
humoto{1}.solution.status =
humoto{1}.solution.number_of_iterations =
humoto{1}.solution.qpoases_return_value =
humoto{1}.solution_guess.x =
humoto{1}.solution_guess.status =
humoto{1}.old_solution.x =
humoto{1}.old_solution.status =
humoto{1}.old_solution.number_of_iterations =
humoto{1}.old_solution.qpoases_return_value =
humoto{1}.stance_fsm.current_stance.type =
humoto{1}.stance_fsm.current_stance.previous_nonds_stance_type =
humoto{1}.stance_fsm.current_stance.previous_nontds_stance_type =
humoto{1}.stance_fsm.current_stance.subtype =
humoto{1}.stance_fsm.current_stance.duration_ms =
humoto{1}.stance_fsm.current_stance.total_duration_ms =
humoto{1}.stance_fsm.ss_states_to_termination =
humoto{1}.stance_fsm.current_time =
humoto{1}.stance_fsm.is_tds_started =
humoto{1}.mpcwpg.preview_horizon.variable_steps_indices =
humoto{1}.mpcwpg.preview_horizon.interval{1}.state_index =
humoto{1}.mpcwpg.preview_horizon.interval{1}.omega =
humoto{1}.mpcwpg.preview_horizon.interval{1}.T =
humoto{1}.mpcwpg.preview_horizon.interval{1}.cvel_ref =
humoto{1}.mpcwpg.preview_horizon.interval{2}.state_index =
humoto{1}.mpcwpg.preview_horizon.interval{2}.omega =
humoto{1}.mpcwpg.preview_horizon.interval{2}.T =
humoto{1}.mpcwpg.preview_horizon.interval{2}.cvel_ref =
humoto{1}.mpcwpg.preview_horizon.interval{3}.state_index =
humoto{1}.mpcwpg.preview_horizon.interval{3}.omega =
humoto{1}.mpcwpg.preview_horizon.interval{3}.T =
humoto{1}.mpcwpg.preview_horizon.interval{3}.cvel_ref =
humoto{1}.mpcwpg.preview_horizon.interval{4}.state_index =
humoto{1}.mpcwpg.preview_horizon.interval{4}.omega =
humoto{1}.mpcwpg.preview_horizon.interval{4}.T =
humoto{1}.mpcwpg.preview_horizon.interval{4}.cvel_ref =
humoto{1}.mpcwpg.preview_horizon.interval{5}.state_index =
humoto{1}.mpcwpg.preview_horizon.interval{5}.omega =
humoto{1}.mpcwpg.preview_horizon.interval{5}.T =
humoto{1}.mpcwpg.preview_horizon.interval{5}.cvel_ref =
humoto{1}.mpcwpg.preview_horizon.interval{6}.state_index =
humoto{1}.mpcwpg.preview_horizon.interval{6}.omega =
humoto{1}.mpcwpg.preview_horizon.interval{6}.T =
humoto{1}.mpcwpg.preview_horizon.interval{6}.cvel_ref =
humoto{1}.mpcwpg.preview_horizon.interval{7}.state_index =
humoto{1}.mpcwpg.preview_horizon.interval{7}.omega =
humoto{1}.mpcwpg.preview_horizon.interval{7}.T =
humoto{1}.mpcwpg.preview_horizon.interval{7}.cvel_ref =
humoto{1}.mpcwpg.preview_horizon.interval{8}.state_index =
humoto{1}.mpcwpg.preview_horizon.interval{8}.omega =
humoto{1}.mpcwpg.preview_horizon.interval{8}.T =
humoto{1}.mpcwpg.preview_horizon.interval{8}.cvel_ref =
humoto{1}.mpcwpg.preview_horizon.interval{9}.state_index =
humoto{1}.mpcwpg.preview_horizon.interval{9}.omega =
humoto{1}.mpcwpg.preview_horizon.interval{9}.T =
humoto{1}.mpcwpg.preview_horizon.interval{9}.cvel_ref =
humoto{1}.mpcwpg.preview_horizon.interval{10}.state_index =
humoto{1}.mpcwpg.preview_horizon.interval{10}.omega =
humoto{1}.mpcwpg.preview_horizon.interval{10}.T =
humoto{1}.mpcwpg.preview_horizon.interval{10}.cvel_ref =
humoto{1}.mpcwpg.preview_horizon.interval{11}.state_index =
humoto{1}.mpcwpg.preview_horizon.interval{11}.omega =
humoto{1}.mpcwpg.preview_horizon.interval{11}.T =
humoto{1}.mpcwpg.preview_horizon.interval{11}.cvel_ref =
humoto{1}.mpcwpg.preview_horizon.interval{12}.state_index =
humoto{1}.mpcwpg.preview_horizon.interval{12}.omega =
humoto{1}.mpcwpg.preview_horizon.interval{12}.T =
humoto{1}.mpcwpg.preview_horizon.interval{12}.cvel_ref =
humoto{1}.mpcwpg.preview_horizon.interval{13}.state_index =
humoto{1}.mpcwpg.preview_horizon.interval{13}.omega =
humoto{1}.mpcwpg.preview_horizon.interval{13}.T =
humoto{1}.mpcwpg.preview_horizon.interval{13}.cvel_ref =
humoto{1}.mpcwpg.preview_horizon.interval{14}.state_index =
humoto{1}.mpcwpg.preview_horizon.interval{14}.omega =
humoto{1}.mpcwpg.preview_horizon.interval{14}.T =
humoto{1}.mpcwpg.preview_horizon.interval{14}.cvel_ref =
humoto{1}.mpcwpg.preview_horizon.interval{15}.state_index =
humoto{1}.mpcwpg.preview_horizon.interval{15}.omega =
humoto{1}.mpcwpg.preview_horizon.interval{15}.T =
humoto{1}.mpcwpg.preview_horizon.interval{15}.cvel_ref =
humoto{1}.mpcwpg.preview_horizon.interval{16}.state_index =
humoto{1}.mpcwpg.preview_horizon.interval{16}.omega =
humoto{1}.mpcwpg.preview_horizon.interval{16}.T =
humoto{1}.mpcwpg.preview_horizon.interval{16}.cvel_ref =
humoto{1}.mpcwpg.preview_horizon.state{1}.theta =
humoto{1}.mpcwpg.preview_horizon.state{1}.step_height =
humoto{1}.mpcwpg.preview_horizon.state{1}.cvel_ref =
humoto{1}.mpcwpg.preview_horizon.state{1}.rotation =
humoto{1}.mpcwpg.preview_horizon.state{1}.R_cvel_ref =
humoto{1}.mpcwpg.preview_horizon.state{1}.fd_bounds =
humoto{1}.mpcwpg.preview_horizon.state{1}.cop_bounds =
humoto{1}.mpcwpg.preview_horizon.state{1}.stance.type =
humoto{1}.mpcwpg.preview_horizon.state{1}.stance.previous_nonds_stance_type =
humoto{1}.mpcwpg.preview_horizon.state{1}.stance.previous_nontds_stance_type =
humoto{1}.mpcwpg.preview_horizon.state{1}.stance.subtype =
humoto{1}.mpcwpg.preview_horizon.state{1}.stance.duration_ms =
humoto{1}.mpcwpg.preview_horizon.state{1}.stance.total_duration_ms =
humoto{1}.mpcwpg.preview_horizon.state{2}.theta =
humoto{1}.mpcwpg.preview_horizon.state{2}.step_height =
humoto{1}.mpcwpg.preview_horizon.state{2}.cvel_ref =
humoto{1}.mpcwpg.preview_horizon.state{2}.rotation =
humoto{1}.mpcwpg.preview_horizon.state{2}.R_cvel_ref =
humoto{1}.mpcwpg.preview_horizon.state{2}.fd_bounds =
humoto{1}.mpcwpg.preview_horizon.state{2}.cop_bounds =
humoto{1}.mpcwpg.preview_horizon.state{2}.stance.type =
humoto{1}.mpcwpg.preview_horizon.state{2}.stance.previous_nonds_stance_type =
humoto{1}.mpcwpg.preview_horizon.state{2}.stance.previous_nontds_stance_type =
humoto{1}.mpcwpg.preview_horizon.state{2}.stance.subtype =
humoto{1}.mpcwpg.preview_horizon.state{2}.stance.duration_ms =
humoto{1}.mpcwpg.preview_horizon.state{2}.stance.total_duration_ms =
humoto{1}.mpcwpg.preview_horizon.state{3}.theta =
humoto{1}.mpcwpg.preview_horizon.state{3}.step_height =
humoto{1}.mpcwpg.preview_horizon.state{3}.cvel_ref =
humoto{1}.mpcwpg.preview_horizon.state{3}.rotation =
humoto{1}.mpcwpg.preview_horizon.state{3}.R_cvel_ref =
humoto{1}.mpcwpg.preview_horizon.state{3}.fd_bounds =
humoto{1}.mpcwpg.preview_horizon.state{3}.cop_bounds =
humoto{1}.mpcwpg.preview_horizon.state{3}.stance.type =
humoto{1}.mpcwpg.preview_horizon.state{3}.stance.previous_nonds_stance_type =
humoto{1}.mpcwpg.preview_horizon.state{3}.stance.previous_nontds_stance_type =
humoto{1}.mpcwpg.preview_horizon.state{3}.stance.subtype =
humoto{1}.mpcwpg.preview_horizon.state{3}.stance.duration_ms =
humoto{1}.mpcwpg.preview_horizon.state{3}.stance.total_duration_ms =
humoto{1}.mpcwpg.preview_horizon.state{4}.theta =
humoto{1}.mpcwpg.preview_horizon.state{4}.step_height =
humoto{1}.mpcwpg.preview_horizon.state{4}.cvel_ref =
humoto{1}.mpcwpg.preview_horizon.state{4}.rotation =
humoto{1}.mpcwpg.preview_horizon.state{4}.R_cvel_ref =
humoto{1}.mpcwpg.preview_horizon.state{4}.fd_bounds =
humoto{1}.mpcwpg.preview_horizon.state{4}.cop_bounds =
humoto{1}.mpcwpg.preview_horizon.state{4}.stance.type =
humoto{1}.mpcwpg.preview_horizon.state{4}.stance.previous_nonds_stance_type =
humoto{1}.mpcwpg.preview_horizon.state{4}.stance.previous_nontds_stance_type =
humoto{1}.mpcwpg.preview_horizon.state{4}.stance.subtype =
humoto{1}.mpcwpg.preview_horizon.state{4}.stance.duration_ms =
humoto{1}.mpcwpg.preview_horizon.state{4}.stance.total_duration_ms =
humoto{1}.mpcwpg.preview_horizon.state{5}.theta =
humoto{1}.mpcwpg.preview_horizon.state{5}.step_height =
humoto{1}.mpcwpg.preview_horizon.state{5}.cvel_ref =
humoto{1}.mpcwpg.preview_horizon.state{5}.rotation =
humoto{1}.mpcwpg.preview_horizon.state{5}.R_cvel_ref =
humoto{1}.mpcwpg.preview_horizon.state{5}.fd_bounds =
humoto{1}.mpcwpg.preview_horizon.state{5}.cop_bounds =
humoto{1}.mpcwpg.preview_horizon.state{5}.stance.type =
humoto{1}.mpcwpg.preview_horizon.state{5}.stance.previous_nonds_stance_type =
humoto{1}.mpcwpg.preview_horizon.state{5}.stance.previous_nontds_stance_type =
humoto{1}.mpcwpg.preview_horizon.state{5}.stance.subtype =
humoto{1}.mpcwpg.preview_horizon.state{5}.stance.duration_ms =
humoto{1}.mpcwpg.preview_horizon.state{5}.stance.total_duration_ms =
humoto{1}.mpcwpg.R =
humoto{1}.mpcwpg.Rh =
humoto{1}.mpcwpg.V =
humoto{1}.mpcwpg.V0 =
humoto{1}.mpcwpg.Vfp =
humoto{1}.mpcwpg.vfp =
humoto{1}.mpcwpg.S =
humoto{1}.mpcwpg.s =
humoto{1}.mpcwpg.Sdz =
humoto{1}.mpcwpg.sdz =
humoto{1}.mpcwpg.cop_profile =
humoto{1}.mpcwpg.dcop_profile =
humoto{1}.mpcwpg.cstate_profile =
humoto{1}.mpcwpg.footpos_profile =
humoto{1}.model.foot_parameters.max_step_len =
humoto{1}.model.foot_parameters.min_feet_dist =
humoto{1}.model.foot_parameters.max_feet_dist =
humoto{1}.model.foot_parameters.feet_dist_default =
humoto{1}.model.foot_parameters.foot_length =
humoto{1}.model.foot_parameters.foot_width =
humoto{1}.model.state.stance_type =
humoto{1}.model.state.next_stance_type =
humoto{1}.model.state.com_state.position =
humoto{1}.model.state.com_state.velocity =
humoto{1}.model.state.com_state.acceleration =
humoto{1}.model.state.left_foot_state.position =
humoto{1}.model.state.left_foot_state.velocity =
humoto{1}.model.state.left_foot_state.acceleration =
humoto{1}.model.state.left_foot_state.rpy =
humoto{1}.model.state.left_foot_state.angular_velocity =
humoto{1}.model.state.left_foot_state.angular_acceleration =
humoto{1}.model.state.right_foot_state.position =
humoto{1}.model.state.right_foot_state.velocity =
humoto{1}.model.state.right_foot_state.acceleration =
humoto{1}.model.state.right_foot_state.rpy =
humoto{1}.model.state.right_foot_state.angular_velocity =
humoto{1}.model.state.right_foot_state.angular_acceleration =
humoto{1}.model.cstate =
humoto{1}.model.current_support_position =
